---
source: leaf/leaf_lexer/src/test.rs
expression: snapshot
---
NewLine '
'
KwFun 'fun'
Ident 'main'
Lparen '('
Rparen ')'
NewLine '
'
Indent '    '
KwLet 'let'
Ident 'x'
Eq '='
Int '10'
NewLine '
'
KwLet 'let'
Ident 'y'
Eq '='
Float '20.5'
NewLine '
'
KwIf 'if'
Ident 'x'
Gt '>'
Ident 'y'
NewLine '
'
Indent '        '
KwReturn 'return'
Ident 'x'
NewLine '
'
Dedent '    '
KwElse 'else'
NewLine '
'
Indent '        '
KwReturn 'return'
Ident 'y'
NewLine '
'
Dedent ''
Dedent ''
Eof ''
